=== STARTING COMPREHENSIVE SYSTEM TESTS ===

[TEST] Storage Node Failure (Replication)
Storage Node started on port 8002
Storage Node started on port 8001
Metadata Node started on port 9003 Role: TAIL Next: -1
Metadata Node started on port 9002 Role: HEAD Next: 9003
Metadata Node started on port 9001 Role: HEAD Next: 9002
Uploading test_storage_fail.txt
Root Hash (CID): eab3ffb72b5ad3eb65c06522817c6b3dcfa59a221e3fab763f0b0cc284572cd7
Chunk 0 -> [127.0.0.1:8001, 127.0.0.1:8002]
Trying to put metadata to 127.0.0.1:9001
Stored chunk: 462142263259a9be41f21e203ea8cd4eda1e5b578ff37d0f70e9618237797e3e (46 bytes)
Stored chunk: 462142263259a9be41f21e203ea8cd4eda1e5b578ff37d0f70e9618237797e3e (46 bytes)
Port 9001: Stored metadata for test_storage_fail.txt
Port 9002: Stored metadata for test_storage_fail.txt
Port 9003: Stored metadata for test_storage_fail.txt
Metadata uploaded successfully to 127.0.0.1:9001
Upload complete.
>>> Killing Storage Node 8001...
Received DIE command. Stopping...
Downloading test_storage_fail.txt
Retrieved metadata from 127.0.0.1:9003
Metadata found. Root: eab3ffb72b5ad3eb65c06522817c6b3dcfa59a221e3fab763f0b0cc284572cd7
Served chunk: 462142263259a9be41f21e203ea8cd4eda1e5b578ff37d0f70e9618237797e3e
Retrieved chunk 0 from 127.0.0.1:8002
File reconstructed at test_storage_fail_out.txt
Verifying integrity...
Integrity Verified: eab3ffb72b5ad3eb65c06522817c6b3dcfa59a221e3fab763f0b0cc284572cd7
[PASS] Storage Failure Test: Integrity Verified.
Received DIE command. Stopping...
Port 9001: Received DIE command. Stopping...
Port 9002: Received DIE command. Stopping...
Port 9003: Received DIE command. Stopping...
Port 9002: Next node 9003 failed!
Port 9002: No skip node. Becoming TAIL.
Port 9001: Next node 9002 failed!
Port 9001: No skip node. Becoming TAIL.

[TEST] Concurrent Clients (Thread Pool)
Storage Node started on port 8001
Storage Node started on port 8002
Metadata Node started on port 9003 Role: TAIL Next: -1
Metadata Node started on port 9002 Role: HEAD Next: 9003
Metadata Node started on port 9001 Role: HEAD Next: 9002
Uploading concurrent_0.txt
Uploading concurrent_2.txt
Uploading concurrent_3.txt
Uploading concurrent_1.txt
Uploading concurrent_4.txt
Uploading concurrent_6.txt
Uploading concurrent_5.txt
Uploading concurrent_8.txt
Uploading concurrent_7.txt
Uploading concurrent_9.txt
Root Hash (CID): 5d6633f7ecacd99bf6fc034d6c21afd5949bd642cc915def5e0503bd79ffc52b
Root Hash (CID): abc43eb970a43ba6394f9ffa1992ba5e7cae7cc54759946fe13619cd2d91094c
Root Hash (CID): fac6ea49ddd62c20b51897992053fdd2ce3e945aed852c32fec3f20c5026831a
Chunk 0 -> [127.0.0.1:8001, 127.0.0.1:8002]
Chunk 0 -> [127.0.0.1:8001, 127.0.0.1:8002]
Chunk 0 -> [127.0.0.1:8001, 127.0.0.1:8002]
Stored chunk: f03f3ff5010aff849eb65a0467fa7d131e8a51114fece5616d63ed2b735ccc33 (17 bytes)
Stored chunk: a306890849294133b9c032e0d78520cadac7c1f0bc21380375ab66c532b2c8af (17 bytes)
Stored chunk: e2fbd92552c2d3857078c65a16ec52aaf4ce3cc862c6c1cf7ae071f8f833bd17 (17 bytes)
Stored chunk: f03f3ff5010aff849eb65a0467fa7d131e8a51114fece5616d63ed2b735ccc33 (17 bytes)
Trying to put metadata to 127.0.0.1:9001
Stored chunk: a306890849294133b9c032e0d78520cadac7c1f0bc21380375ab66c532b2c8af (17 bytes)
Trying to put metadata to 127.0.0.1:9001
Root Hash (CID): 1addf12cc913f3f4c527083d86bf6fdb9bc9ff7a4225ee66032add00cba5c097
Stored chunk: e2fbd92552c2d3857078c65a16ec52aaf4ce3cc862c6c1cf7ae071f8f833bd17 (17 bytes)
Root Hash (CID): 2170038c0716e1146245852d428074121eaf6e0c4dedce8ca9dc07e0ae7b7e09
Root Hash (CID): 78645a36c9f82ee87c78835a926ce7bfba773fe6d6d791bcb3d8c11c69537400
Root Hash (CID): 0161f4cb2a4891770379a98dba717788300231e9ecbda37a1ac514497fb5cd39
Root Hash (CID): d7a304bdda0f47f333af373e212849b5db223b5ba1e5b7f936081f0a2c857c52
Chunk 0 -> [127.0.0.1:8001, 127.0.0.1:8002]
Chunk 0 -> [127.0.0.1:8001, 127.0.0.1:8002]
Trying to put metadata to 127.0.0.1:9001
Root Hash (CID): 551af12ba3b736be88406c47bf88e9bbff22e34d9f3a9bf3377a331511999f67
Chunk 0 -> [127.0.0.1:8001, 127.0.0.1:8002]
Root Hash (CID): bbe3f053e309f58bce34f3863cadd37f6017199fe7679338f1e9934ed5456ab2
Chunk 0 -> [127.0.0.1:8001, 127.0.0.1:8002]
Port 9001: Stored metadata for concurrent_6.txt
Port 9001: Stored metadata for concurrent_1.txt
Chunk 0 -> [127.0.0.1:8001, 127.0.0.1:8002]
Chunk 0 -> [127.0.0.1:8001, 127.0.0.1:8002]
Chunk 0 -> [127.0.0.1:8001, 127.0.0.1:8002]
Port 9001: Stored metadata for concurrent_8.txt
Stored chunk: 42fa8bbbca9177002b1f569f38c0d95fed92bb40a41cfa9b3f08ec249772e1ee (17 bytes)
Port 9002: Stored metadata for concurrent_6.txt
Port 9002: Stored metadata for concurrent_1.txt
Stored chunk: a21e19a4c3afc675f0d7af9487663e643d6748d8ee1b4d00f90a32f7e9401761 (17 bytes)
Stored chunk: 71a7978bf54d7ab0e4a80ba739f3a3359c02fe43168fdc479de7b469af0f11aa (17 bytes)
Stored chunk: 7eab2b64f832045996eb2b01c703390592c87bc6a0a6c4e61f4c122bc9b3cc69 (17 bytes)
Stored chunk: 42fa8bbbca9177002b1f569f38c0d95fed92bb40a41cfa9b3f08ec249772e1ee (17 bytes)
Trying to put metadata to 127.0.0.1:9001
Port 9002: Stored metadata for concurrent_8.txt
Port 9003: Stored metadata for concurrent_6.txt
Stored chunk: 4b0f700257b9b6c136886980db8c29febdd12d70bcae114f10d78d2d57dc5a36 (17 bytes)
Stored chunk: 4c29096f71ab7343539fadfdb179e2718305f7de89d7b32f30354881d0f28481 (17 bytes)
Port 9003: Stored metadata for concurrent_1.txt
Stored chunk: a21e19a4c3afc675f0d7af9487663e643d6748d8ee1b4d00f90a32f7e9401761 (17 bytes)
Trying to put metadata to 127.0.0.1:9001
Metadata uploaded successfully to 127.0.0.1:9001
Upload complete.
Port 9001: Stored metadata for concurrent_5.txt
Port 9003: Stored metadata for concurrent_8.txt
Trying to put metadata to 127.0.0.1:9001
Trying to put metadata to 127.0.0.1:9001
Stored chunk: 7eab2b64f832045996eb2b01c703390592c87bc6a0a6c4e61f4c122bc9b3cc69 (17 bytes)
Stored chunk: 71a7978bf54d7ab0e4a80ba739f3a3359c02fe43168fdc479de7b469af0f11aa (17 bytes)
Stored chunk: 4b0f700257b9b6c136886980db8c29febdd12d70bcae114f10d78d2d57dc5a36 (17 bytes)
Port 9001: Stored metadata for concurrent_3.txt
Metadata uploaded successfully to 127.0.0.1:9001
Upload complete.
Downloading concurrent_6.txt
Metadata uploaded successfully to 127.0.0.1:9001
Upload complete.
Stored chunk: bcf3ed1b9a97abdaa6f4f043f0cfa206e9dd4703b5ff196a3fde5eafd926d1fd (17 bytes)
Downloading concurrent_8.txt
Downloading concurrent_1.txt
Trying to put metadata to 127.0.0.1:9001
Trying to put metadata to 127.0.0.1:9001
Port 9002: Stored metadata for concurrent_5.txt
Stored chunk: 4c29096f71ab7343539fadfdb179e2718305f7de89d7b32f30354881d0f28481 (17 bytes)
Stored chunk: bcf3ed1b9a97abdaa6f4f043f0cfa206e9dd4703b5ff196a3fde5eafd926d1fd (17 bytes)
Trying to put metadata to 127.0.0.1:9001
Port 9001: Stored metadata for concurrent_4.txt
Port 9001: Stored metadata for concurrent_9.txt
Port 9002: Stored metadata for concurrent_3.txt
Retrieved metadata from 127.0.0.1:9003
Metadata found. Root: abc43eb970a43ba6394f9ffa1992ba5e7cae7cc54759946fe13619cd2d91094c
Port 9001: Stored metadata for concurrent_0.txt
Retrieved metadata from 127.0.0.1:9003
Metadata found. Root: fac6ea49ddd62c20b51897992053fdd2ce3e945aed852c32fec3f20c5026831a
Port 9001: Stored metadata for concurrent_2.txt
Retrieved metadata from 127.0.0.1:9003
Port 9003: Stored metadata for concurrent_5.txt
Metadata found. Root: 5d6633f7ecacd99bf6fc034d6c21afd5949bd642cc915def5e0503bd79ffc52b
Port 9002: Stored metadata for concurrent_4.txt
Port 9001: Stored metadata for concurrent_7.txt
Port 9003: Stored metadata for concurrent_3.txt
Port 9002: Stored metadata for concurrent_9.txt
Metadata uploaded successfully to 127.0.0.1:9001
Upload complete.
Downloading concurrent_5.txt
Port 9002: Stored metadata for concurrent_0.txt
Metadata uploaded successfully to 127.0.0.1:9001
Upload complete.
Served chunk: a306890849294133b9c032e0d78520cadac7c1f0bc21380375ab66c532b2c8af
Port 9002: Stored metadata for concurrent_2.txt
Downloading concurrent_3.txt
Retrieved chunk 0 from 127.0.0.1:8001
Port 9003: Stored metadata for concurrent_4.txt
Retrieved chunk 0 from 127.0.0.1:8001
Served chunk: e2fbd92552c2d3857078c65a16ec52aaf4ce3cc862c6c1cf7ae071f8f833bd17
Port 9002: Stored metadata for concurrent_7.txt
Served chunk: f03f3ff5010aff849eb65a0467fa7d131e8a51114fece5616d63ed2b735ccc33
Retrieved chunk 0 from 127.0.0.1:8001
Port 9003: Stored metadata for concurrent_9.txt
Metadata uploaded successfully to 127.0.0.1:9001
Upload complete.
File reconstructed at concurrent_out_6.txt
Verifying integrity...
Port 9003: Stored metadata for concurrent_0.txt
File reconstructed at concurrent_out_1.txt
Verifying integrity...
Downloading concurrent_4.txt
Port 9003: Stored metadata for concurrent_2.txt
Retrieved metadata from 127.0.0.1:9003
File reconstructed at concurrent_out_8.txt
Verifying integrity...
Metadata found. Root: d7a304bdda0f47f333af373e212849b5db223b5ba1e5b7f936081f0a2c857c52
Metadata uploaded successfully to 127.0.0.1:9001
Upload complete.
Port 9003: Stored metadata for concurrent_7.txt
Metadata uploaded successfully to 127.0.0.1:9001
Retrieved metadata from 127.0.0.1:9003
Downloading concurrent_9.txt
Metadata found. Root: 1addf12cc913f3f4c527083d86bf6fdb9bc9ff7a4225ee66032add00cba5c097
Metadata uploaded successfully to 127.0.0.1:9001
Upload complete.
Upload complete.
Downloading concurrent_2.txt
Downloading concurrent_0.txt
Metadata uploaded successfully to 127.0.0.1:9001
Upload complete.
Retrieved metadata from 127.0.0.1:9003
Metadata found. Root: 2170038c0716e1146245852d428074121eaf6e0c4dedce8ca9dc07e0ae7b7e09
Served chunk: 42fa8bbbca9177002b1f569f38c0d95fed92bb40a41cfa9b3f08ec249772e1ee
Downloading concurrent_7.txt
Retrieved chunk 0 from 127.0.0.1:8001
Retrieved metadata from 127.0.0.1:9003
Metadata found. Root: 0161f4cb2a4891770379a98dba717788300231e9ecbda37a1ac514497fb5cd39
Served chunk: a21e19a4c3afc675f0d7af9487663e643d6748d8ee1b4d00f90a32f7e9401761
Retrieved chunk 0 from 127.0.0.1:8001
File reconstructed at concurrent_out_5.txt
Verifying integrity...
Retrieved metadata from 127.0.0.1:9003
File reconstructed at concurrent_out_3.txt
Verifying integrity...
Retrieved metadata from 127.0.0.1:9003
Metadata found. Root: 78645a36c9f82ee87c78835a926ce7bfba773fe6d6d791bcb3d8c11c69537400
Metadata found. Root: bbe3f053e309f58bce34f3863cadd37f6017199fe7679338f1e9934ed5456ab2
Served chunk: 4b0f700257b9b6c136886980db8c29febdd12d70bcae114f10d78d2d57dc5a36
Retrieved chunk 0 from 127.0.0.1:8001
Integrity Verified: fac6ea49ddd62c20b51897992053fdd2ce3e945aed852c32fec3f20c5026831a
Served chunk: 71a7978bf54d7ab0e4a80ba739f3a3359c02fe43168fdc479de7b469af0f11aa
Retrieved chunk 0 from 127.0.0.1:8001
Integrity Verified: abc43eb970a43ba6394f9ffa1992ba5e7cae7cc54759946fe13619cd2d91094c
Retrieved metadata from 127.0.0.1:9003
Metadata found. Root: 551af12ba3b736be88406c47bf88e9bbff22e34d9f3a9bf3377a331511999f67
Integrity Verified: 5d6633f7ecacd99bf6fc034d6c21afd5949bd642cc915def5e0503bd79ffc52b
File reconstructed at concurrent_out_9.txt
Verifying integrity...
File reconstructed at concurrent_out_4.txt
Verifying integrity...
Served chunk: 4c29096f71ab7343539fadfdb179e2718305f7de89d7b32f30354881d0f28481
Retrieved chunk 0 from 127.0.0.1:8001
Served chunk: bcf3ed1b9a97abdaa6f4f043f0cfa206e9dd4703b5ff196a3fde5eafd926d1fd
Retrieved chunk 0 from 127.0.0.1:8001
Served chunk: 7eab2b64f832045996eb2b01c703390592c87bc6a0a6c4e61f4c122bc9b3cc69
Retrieved chunk 0 from 127.0.0.1:8001
File reconstructed at concurrent_out_2.txt
Verifying integrity...
Integrity Verified: 1addf12cc913f3f4c527083d86bf6fdb9bc9ff7a4225ee66032add00cba5c097
Integrity Verified: d7a304bdda0f47f333af373e212849b5db223b5ba1e5b7f936081f0a2c857c52
File reconstructed at concurrent_out_7.txt
Verifying integrity...
File reconstructed at concurrent_out_0.txt
Verifying integrity...
Integrity Verified: 2170038c0716e1146245852d428074121eaf6e0c4dedce8ca9dc07e0ae7b7e09
Integrity Verified: 0161f4cb2a4891770379a98dba717788300231e9ecbda37a1ac514497fb5cd39
Integrity Verified: 78645a36c9f82ee87c78835a926ce7bfba773fe6d6d791bcb3d8c11c69537400
Integrity Verified: 551af12ba3b736be88406c47bf88e9bbff22e34d9f3a9bf3377a331511999f67
Integrity Verified: bbe3f053e309f58bce34f3863cadd37f6017199fe7679338f1e9934ed5456ab2
[PASS] Concurrent Clients Test: All 10 clients succeeded.

=== PERFORMANCE METRICS ===
Total Requests: 10
Success Rate: 100%
Avg Upload Latency: 13.90 ms
Avg Download Latency: 9.30 ms
===========================

Received DIE command. Stopping...
Received DIE command. Stopping...
Port 9001: Received DIE command. Stopping...
Port 9002: Received DIE command. Stopping...
Port 9003: Received DIE command. Stopping...

[TEST] Binary Files (Image & PDF)
Storage Node started on port 8002
Storage Node started on port 8001
Metadata Node started on port 9003 Role: TAIL Next: -1
Metadata Node started on port 9002 Role: HEAD Next: 9003
Metadata Node started on port 9001 Role: HEAD Next: 9002
>>> Testing test_image.jpg
Uploading test_image.jpg
Root Hash (CID): b2e82509d6b2f684daee66d8e68ec52a9677bf834111a0672d51553988099db9
Chunk 0 -> [127.0.0.1:8001, 127.0.0.1:8002]
Stored chunk: 6518c49e974bb74e924cbd08c20c522bb82ecd9503953fe7b035e8c058920482 (1048576 bytes)
Stored chunk: 6518c49e974bb74e924cbd08c20c522bb82ecd9503953fe7b035e8c058920482 (1048576 bytes)
Chunk 1 -> [127.0.0.1:8001, 127.0.0.1:8002]
Stored chunk: 1208e44b6542317e842419d296a72946061ca7407905c1f9ae1e0c7cd180cca4 (1048576 bytes)
Stored chunk: 1208e44b6542317e842419d296a72946061ca7407905c1f9ae1e0c7cd180cca4 (1048576 bytes)
Chunk 2 -> [127.0.0.1:8001, 127.0.0.1:8002]
Stored chunk: 8e37b7ede830185330e8c2ed05eb98e688ea371c9a1ee3a2c5e9b027c90f2567 (1048576 bytes)
Stored chunk: 8e37b7ede830185330e8c2ed05eb98e688ea371c9a1ee3a2c5e9b027c90f2567 (1048576 bytes)
Chunk 3 -> [127.0.0.1:8001, 127.0.0.1:8002]
Stored chunk: d2c5fc3d2d0988561ad4fca05851f3496fe2d71b4364a29f2929f628887b9553 (1048576 bytes)
Stored chunk: d2c5fc3d2d0988561ad4fca05851f3496fe2d71b4364a29f2929f628887b9553 (1048576 bytes)
Chunk 4 -> [127.0.0.1:8001, 127.0.0.1:8002]
Stored chunk: 82007a6b168d9d2833f365afe5dea6df9f0bb833d2c84a52684968b41788f62c (137706 bytes)
Stored chunk: 82007a6b168d9d2833f365afe5dea6df9f0bb833d2c84a52684968b41788f62c (137706 bytes)
Trying to put metadata to 127.0.0.1:9001
Port 9001: Stored metadata for test_image.jpg
Port 9002: Stored metadata for test_image.jpg
Port 9003: Stored metadata for test_image.jpg
Metadata uploaded successfully to 127.0.0.1:9001
Upload complete.
Downloading test_image.jpg
Retrieved metadata from 127.0.0.1:9003
Metadata found. Root: b2e82509d6b2f684daee66d8e68ec52a9677bf834111a0672d51553988099db9
Served chunk: 6518c49e974bb74e924cbd08c20c522bb82ecd9503953fe7b035e8c058920482
Retrieved chunk 0 from 127.0.0.1:8001
Served chunk: 1208e44b6542317e842419d296a72946061ca7407905c1f9ae1e0c7cd180cca4
Retrieved chunk 1 from 127.0.0.1:8001
Served chunk: 8e37b7ede830185330e8c2ed05eb98e688ea371c9a1ee3a2c5e9b027c90f2567
Retrieved chunk 2 from 127.0.0.1:8001
Served chunk: d2c5fc3d2d0988561ad4fca05851f3496fe2d71b4364a29f2929f628887b9553
Retrieved chunk 3 from 127.0.0.1:8001
Served chunk: 82007a6b168d9d2833f365afe5dea6df9f0bb833d2c84a52684968b41788f62c
Retrieved chunk 4 from 127.0.0.1:8001
File reconstructed at restored_test_image.jpg
Verifying integrity...
Integrity Verified: b2e82509d6b2f684daee66d8e68ec52a9677bf834111a0672d51553988099db9
[PASS] test_image.jpg: Integrity Verified (b2e82509d6b2f684daee66d8e68ec52a9677bf834111a0672d51553988099db9)
>>> Testing test_pdf.pdf
Uploading test_pdf.pdf
Root Hash (CID): 9308bc90ad814fc45dff341dd15711354b6de7c63b0400b0bc21f76a78699512
Chunk 0 -> [127.0.0.1:8001, 127.0.0.1:8002]
Stored chunk: 45b378413aa48b14d6ab4f9112bb2c58b193f1b0c4c5169a2c7050e4db3f1a5d (90656 bytes)
Stored chunk: 45b378413aa48b14d6ab4f9112bb2c58b193f1b0c4c5169a2c7050e4db3f1a5d (90656 bytes)
Trying to put metadata to 127.0.0.1:9001
Port 9001: Stored metadata for test_pdf.pdf
Port 9002: Stored metadata for test_pdf.pdf
Port 9003: Stored metadata for test_pdf.pdf
Metadata uploaded successfully to 127.0.0.1:9001
Upload complete.
Downloading test_pdf.pdf
Retrieved metadata from 127.0.0.1:9003
Metadata found. Root: 9308bc90ad814fc45dff341dd15711354b6de7c63b0400b0bc21f76a78699512
Served chunk: 45b378413aa48b14d6ab4f9112bb2c58b193f1b0c4c5169a2c7050e4db3f1a5d
Retrieved chunk 0 from 127.0.0.1:8001
File reconstructed at restored_test_pdf.pdf
Verifying integrity...
Integrity Verified: 9308bc90ad814fc45dff341dd15711354b6de7c63b0400b0bc21f76a78699512
[PASS] test_pdf.pdf: Integrity Verified (9308bc90ad814fc45dff341dd15711354b6de7c63b0400b0bc21f76a78699512)
Received DIE command. Stopping...
Received DIE command. Stopping...
Port 9001: Received DIE command. Stopping...
Port 9002: Received DIE command. Stopping...
Port 9003: Received DIE command. Stopping...
Port 9002: Next node 9003 failed!
Port 9002: No skip node. Becoming TAIL.
Port 9001: Next node 9002 failed!
Port 9001: No skip node. Becoming TAIL.
=== ALL TESTS COMPLETED ===
